2025-11-13 11:02:00 | INFO | repo=pv243-a4m36jee-2016-clustering-seminar | action=commit
2025-12-27 09:36:00 | WARN | repo=pv243-a4m36jee-2016-clustering-seminar | action=commit
2025-04-22 11:26:00 | WARN | repo=pv243-a4m36jee-2016-clustering-seminar | action=commit
2025-06-12 13:57:00 | INFO | repo=pv243-a4m36jee-2016-clustering-seminar | action=commit
2025-02-10 18:49:00 | WARN | repo=pv243-a4m36jee-2016-clustering-seminar | action=commit
2025-05-26 11:48:00 | WARN | repo=pv243-a4m36jee-2016-clustering-seminar | action=commit
2025-11-17 08:42:00 | DEBUG | repo=pv243-a4m36jee-2016-clustering-seminar | action=edit | files=1
2025-10-16 21:59:00 | INFO | repo=pv243-a4m36jee-2016-clustering-seminar | action=edit | files=4
2025-08-09 10:16:00 | DEBUG | repo=pv243-a4m36jee-2016-clustering-seminar | action=commit
2025-01-01 13:05:00 | WARN | repo=pv243-a4m36jee-2016-clustering-seminar | action=pull
2025-10-13 21:19:00 | INFO | repo=pv243-a4m36jee-2016-clustering-seminar | action=edit | files=5
2025-04-25 09:42:00 | INFO | repo=pv243-a4m36jee-2016-clustering-seminar | action=commit
2025-06-11 07:16:00 | INFO | repo=pv243-a4m36jee-2016-clustering-seminar | action=commit
2025-02-28 21:35:00 | DEBUG | repo=pv243-a4m36jee-2016-clustering-seminar | action=edit | files=2
2025-10-01 17:36:00 | DEBUG | repo=pv243-a4m36jee-2016-clustering-seminar | action=commit
2025-11-16 18:33:00 | DEBUG | repo=pv243-a4m36jee-2016-clustering-seminar | action=commit
2025-10-11 12:42:00 | DEBUG | repo=pv243-a4m36jee-2016-clustering-seminar | action=commit
2025-12-28 19:37:00 | DEBUG | repo=pv243-a4m36jee-2016-clustering-seminar | action=commit
2025-10-23 21:40:00 | DEBUG | repo=pv243-a4m36jee-2016-clustering-seminar | action=commit
2025-04-15 16:29:00 | INFO | repo=pv243-a4m36jee-2016-clustering-seminar | action=commit
2025-05-06 20:36:00 | DEBUG | repo=pv243-a4m36jee-2016-clustering-seminar | action=commit
2025-09-22 09:22:00 | INFO | repo=pv243-a4m36jee-2016-clustering-seminar | action=commit
2025-02-11 11:41:00 | WARN | repo=pv243-a4m36jee-2016-clustering-seminar | action=commit
2025-06-16 11:43:00 | INFO | repo=pv243-a4m36jee-2016-clustering-seminar | action=commit
2025-07-08 21:27:00 | WARN | repo=pv243-a4m36jee-2016-clustering-seminar | action=commit
2025-04-10 21:57:00 | DEBUG | repo=pv243-a4m36jee-2016-clustering-seminar | action=commit
